\BOOKMARK [1][-]{section.1}{\376\377\000I\000n\000t\000r\000o\000d\000u\000c\000t\000i\000o\000n}{}% 1
\BOOKMARK [1][-]{section.2}{\376\377\000B\000a\000c\000k\000g\000r\000o\000u\000n\000d\000\040\000a\000n\000d\000\040\000M\000o\000t\000i\000v\000a\000t\000i\000o\000n}{}% 2
\BOOKMARK [2][-]{subsection.2.1}{\376\377\000R\000O\000M\000C\000\040\000f\000r\000a\000m\000e\000w\000o\000r\000k}{section.2}% 3
\BOOKMARK [2][-]{subsection.2.2}{\376\377\000C\000h\000a\000l\000l\000e\000n\000g\000e\000s\000\040\000d\000u\000e\000\040\000t\000o\000\040\000i\000i\000d\000\040\000d\000a\000t\000a\000\040\000a\000n\000d\000\040\000d\000i\000s\000t\000r\000a\000c\000t\000o\000r\000s}{section.2}% 4
\BOOKMARK [1][-]{section.3}{\376\377\000P\000r\000o\000p\000o\000s\000e\000d\000\040\000m\000e\000t\000h\000o\000d\000:\000\040\000R\0002\000O\000M\000C}{}% 5
\BOOKMARK [2][-]{subsection.3.1}{\376\377\000M\000u\000l\000t\000i\000p\000l\000e\000\040\000i\000i\000d\000\040\000o\000b\000s\000e\000r\000v\000a\000t\000i\000o\000n\000s}{section.3}% 6
\BOOKMARK [2][-]{subsection.3.2}{\376\377\000U\000n\000i\000n\000f\000o\000r\000m\000a\000t\000i\000v\000e\000\040\000d\000i\000m\000e\000n\000s\000i\000o\000n\000s\000\040\000\050\000d\000i\000s\000t\000r\000a\000c\000t\000o\000r\000s\000\051}{section.3}% 7
\BOOKMARK [2][-]{subsection.3.3}{\376\377\000J\000A\000X\000\040\000i\000m\000p\000l\000e\000m\000e\000n\000t\000a\000t\000i\000o\000n}{section.3}% 8
\BOOKMARK [1][-]{section.4}{\376\377\000E\000x\000p\000e\000r\000i\000m\000e\000n\000t\000s}{}% 9
\BOOKMARK [2][-]{subsection.4.1}{\376\377\000M\000o\000G\000\040\000b\000e\000n\000c\000h\000m\000a\000r\000k}{section.4}% 10
\BOOKMARK [2][-]{subsection.4.2}{\376\377\000S\000B\000I\000\040\000b\000e\000n\000c\000h\000m\000a\000r\000k}{section.4}% 11
\BOOKMARK [3][-]{subsubsection.4.2.1}{\376\377\000S\000L\000C\000P\000\040\000a\000n\000d\000\040\000S\000L\000C\000P\000\040\000w\000i\000t\000h\000\040\000d\000i\000s\000t\000r\000a\000c\000t\000o\000r\000s}{subsection.4.2}% 12
\BOOKMARK [3][-]{subsubsection.4.2.2}{\376\377\0002\000-\000m\000o\000o\000n\000s\000\040\000\050\000T\000.\0008\000\051}{subsection.4.2}% 13
\BOOKMARK [3][-]{subsubsection.4.2.3}{\376\377\000L\000o\000t\000k\000a\000-\000V\000o\000l\000t\000e\000r\000a\000\040\000m\000o\000d\000e\000l}{subsection.4.2}% 14
\BOOKMARK [2][-]{subsection.4.3}{\376\377\000I\000m\000a\000g\000e\000s}{section.4}% 15
\BOOKMARK [1][-]{section.5}{\376\377\000C\000o\000n\000c\000l\000u\000s\000i\000o\000n}{}% 16
\BOOKMARK [1][-]{appendix.A}{\376\377\000M\000e\000t\000h\000o\000d\000s}{}% 17
\BOOKMARK [1][-]{appendix.B}{\376\377\000I\000n\000t\000r\000o\000d\000u\000c\000t\000o\000r\000y\000\040\000E\000x\000a\000m\000p\000l\000e}{}% 18
\BOOKMARK [2][-]{subsection.B.1}{\376\377\000S\000i\000m\000p\000l\000e\000\040\000C\000a\000s\000e}{appendix.B}% 19
\BOOKMARK [2][-]{subsection.B.2}{\376\377\000H\000i\000g\000h\000-\000d\000i\000m\000e\000n\000s\000i\000o\000n\000a\000l\000\040\000C\000a\000s\000e}{appendix.B}% 20
\BOOKMARK [2][-]{subsection.B.3}{\376\377\000D\000i\000s\000t\000r\000a\000c\000t\000o\000r\000\040\000C\000a\000s\000e}{appendix.B}% 21
\BOOKMARK [2][-]{subsection.B.4}{\376\377\000M\000u\000l\000t\000i\000p\000l\000e\000\040\000O\000b\000s\000e\000r\000v\000a\000t\000i\000o\000n\000s\000\040\000C\000a\000s\000e}{appendix.B}% 22
\BOOKMARK [2][-]{subsection.B.5}{\376\377\000C\000o\000m\000b\000i\000n\000e\000d\000\040\000C\000a\000s\000e}{appendix.B}% 23
\BOOKMARK [2][-]{subsection.B.6}{\376\377\000R\000e\000s\000u\000l\000t\000s}{appendix.B}% 24
\BOOKMARK [1][-]{appendix.C}{\376\377\000A\000d\000d\000i\000t\000i\000o\000n\000a\000l\000\040\000i\000n\000f\000o\000r\000m\000a\000t\000i\000o\000n\000\040\000o\000n\000\040\000t\000h\000e\000\040\000e\000x\000p\000e\000r\000i\000m\000e\000n\000t\000s}{}% 25
\BOOKMARK [2][-]{subsection.C.1}{\376\377\000M\000o\000G\000\040\000B\000e\000n\000c\000h\000m\000a\000r\000k\000\040\000-\000\040\000H\000i\000g\000h\000\040\000D\000i\000m\000e\000n\000s\000i\000o\000n\000a\000l\000\040\000S\000i\000m\000u\000l\000a\000t\000o\000r\000s}{appendix.C}% 26
\BOOKMARK [3][-]{subsubsection.C.1.1}{\376\377\000B\000a\000s\000e\000\040\000s\000i\000m\000u\000l\000a\000t\000o\000r\000\040\000-\000\040\000w\000i\000t\000h\000o\000u\000t\000\040\000d\000i\000s\000t\000r\000a\000c\000t\000o\000r\000s}{subsection.C.1}% 27
\BOOKMARK [3][-]{subsubsection.C.1.2}{\376\377\000B\000a\000s\000e\000\040\000s\000i\000m\000u\000l\000a\000t\000o\000r\000\040\000-\000\040\000w\000i\000t\000h\000\040\000d\000i\000s\000t\000r\000a\000c\000t\000o\000r\000s}{subsection.C.1}% 28
\BOOKMARK [3][-]{subsubsection.C.1.3}{\376\377\000M\000o\000G\000\040\000s\000i\000m\000u\000l\000a\000t\000o\000r\000\040\000-\000\040\000w\000i\000t\000h\000o\000u\000t\000\040\000d\000i\000s\000t\000r\000a\000c\000t\000o\000r\000s}{subsection.C.1}% 29
\BOOKMARK [3][-]{subsubsection.C.1.4}{\376\377\000M\000o\000G\000\040\000s\000i\000m\000u\000l\000a\000t\000o\000r\000\040\000-\000\040\000w\000i\000t\000h\000\040\000d\000i\000s\000t\000r\000a\000c\000t\000o\000r\000s}{subsection.C.1}% 30
\BOOKMARK [2][-]{subsection.C.2}{\376\377\000M\000o\000G\000\040\000B\000e\000n\000c\000h\000m\000a\000r\000k\000\040\000-\000\040\000M\000u\000l\000t\000i\000p\000l\000e\000\040\000O\000b\000s\000e\000r\000v\000a\000t\000i\000o\000n\000s}{appendix.C}% 31
\BOOKMARK [3][-]{subsubsection.C.2.1}{\376\377\000B\000a\000s\000e\000\040\000s\000i\000m\000u\000l\000a\000t\000o\000r}{subsection.C.2}% 32
\BOOKMARK [3][-]{subsubsection.C.2.2}{\376\377\000M\000o\000G\000\040\000s\000i\000m\000u\000l\000a\000t\000o\000r}{subsection.C.2}% 33
\BOOKMARK [2][-]{subsection.C.3}{\376\377\000S\000B\000I\000\040\000-\000\040\000M\000i\000x\000t\000u\000r\000e\000s\000\040\000o\000f\000\040\000G\000a\000u\000s\000s\000i\000a\000n\000s\000\040\000\050\000T\000.\0007\000\051}{appendix.C}% 34
\BOOKMARK [2][-]{subsection.C.4}{\376\377\000S\000B\000I\000\040\000-\000\040\000T\000w\000o\000\040\000M\000o\000o\000n\000s\000\040\000\050\000T\000.\0008\000\051}{appendix.C}% 35
\BOOKMARK [1][-]{appendix.D}{\376\377\000A\000d\000d\000i\000t\000i\000o\000n\000a\000l\000\040\000r\000e\000s\000u\000l\000t\000s}{}% 36
\BOOKMARK [2][-]{subsection.D.1}{\376\377\000M\000o\000G\000\040\000-\000\040\000S\000h\000i\000f\000t\000e\000d\000\040\000G\000a\000u\000s\000s\000i\000a\000n}{appendix.D}% 37
